<?xml version="1.0" encoding="utf-8" ?>
<!DOCTYPE article PUBLIC "-//OASIS//DTD DocBook XML V4.4//EN"
                  "http://www.oasis-open.org/docbook/xml/4.4/docbookx.dtd">
<article>
  <articleinfo>
    <title></title>
  </articleinfo>
<section id="tests">
  <title>Tests</title>
  <section id="a-very-long-title-considerations-with-regards-to-the-already-deployed-routing-policy.">
    <title>A very long title considerations with regards to the already
    deployed routing policy.</title>
    <para>
      Test a very long title.
    </para>
  </section>
  <section id="lists-in-lists">
    <title>Lists in lists</title>
    <orderedlist numeration="arabic">
      <listitem>
        <para>
          First we do
        </para>
      </listitem>
      <listitem>
        <para>
          And then
        </para>
        <itemizedlist>
          <listitem>
            <para>
              item 1
            </para>
          </listitem>
          <listitem>
            <para>
              item 2
            </para>
          </listitem>
        </itemizedlist>
      </listitem>
    </orderedlist>
    <para>
      And the other around
    </para>
    <itemizedlist>
      <listitem>
        <para>
          First we do
        </para>
      </listitem>
      <listitem>
        <para>
          Then
        </para>
        <orderedlist numeration="arabic">
          <listitem>
            <para>
              Something
            </para>
          </listitem>
          <listitem>
            <para>
              Another thing
            </para>
          </listitem>
        </orderedlist>
      </listitem>
    </itemizedlist>
    <para>
      Description lists work:
    </para>
    <variablelist>
      <varlistentry>
        <term>
          Item to explain:
        </term>
        <listitem>
          <para>
            It works because of herbs
          </para>
        </listitem>
      </varlistentry>
      <varlistentry>
        <term>
          Another item to explain
        </term>
        <listitem>
          <para>
            More explaining
          </para>
        </listitem>
      </varlistentry>
    </variablelist>
  </section>
  <section id="lists-in-description-lists">
    <title>Lists in description lists</title>
    <variablelist>
      <varlistentry>
        <term>
          Item to explain:
        </term>
        <listitem>
          <para>
            It works because of
          </para>
          <orderedlist numeration="arabic">
            <listitem>
              <para>
                ONE
              </para>
            </listitem>
            <listitem>
              <para>
                TWO
              </para>
            </listitem>
          </orderedlist>
        </listitem>
      </varlistentry>
      <varlistentry>
        <term>
          Another item to explain:
        </term>
        <listitem>
          <para>
            More explaining
          </para>
        </listitem>
      </varlistentry>
      <varlistentry>
        <term>
          Item to explain2:
        </term>
        <listitem>
          <para>
            It works because of
          </para>
          <orderedlist numeration="arabic">
            <listitem>
              <para>
                ONE1
              </para>
            </listitem>
            <listitem>
              <para>
                TWO1
              </para>
              <itemizedlist>
                <listitem>
                  <para>
                    Itemize list
                  </para>
                </listitem>
                <listitem>
                  <para>
                    Another item
                  </para>
                </listitem>
              </itemizedlist>
            </listitem>
          </orderedlist>
        </listitem>
      </varlistentry>
      <varlistentry>
        <term>
          Another item to explain2:
        </term>
        <listitem>
          <para>
            More explaining
          </para>
        </listitem>
      </varlistentry>
    </variablelist>
  </section>
  <section id="list-with-description-list">
    <title>List with description list</title>
    <orderedlist numeration="arabic">
      <listitem>
        <para>
          More
        </para>
        <variablelist>
          <varlistentry>
            <term>
              Item to explain3:
            </term>
            <listitem>
              <para>
                Explanation
              </para>
            </listitem>
          </varlistentry>
          <varlistentry>
            <term>
              Item to explain4:
            </term>
            <listitem>
              <para>
                Explantions2
              </para>
            </listitem>
          </varlistentry>
        </variablelist>
      </listitem>
      <listitem>
        <para>
          Go'bye
        </para>
      </listitem>
    </orderedlist>
  </section>
  <section id="roman-lists">
    <title>Roman lists</title>
    <orderedlist numeration="lowerroman">
      <listitem>
        <para>
          Item 1
        </para>
      </listitem>
      <listitem>
        <para>
          Item 2
        </para>
      </listitem>
    </orderedlist>
    <para>
      And uppercase
    </para>
    <orderedlist numeration="upperroman">
      <listitem>
        <para>
          Item1
        </para>
      </listitem>
      <listitem>
        <para>
          Item2
        </para>
      </listitem>
      <listitem>
        <para>
          Item 3
        </para>
      </listitem>
    </orderedlist>
  </section>
  <section id="default-list-markers">
    <title>Default list markers</title>
    <orderedlist>
      <listitem>
        <para>
          First item
        </para>
      </listitem>
      <listitem>
        <para>
          Second item
        </para>
      </listitem>
      <listitem>
        <para>
          Another item
        </para>
      </listitem>
    </orderedlist>
  </section>
  <section id="uppercase-letters">
    <title>Uppercase letters</title>
    <orderedlist numeration="upperalpha">
      <listitem>
        <para>
          First item
        </para>
      </listitem>
      <listitem>
        <para>
          Second item
        </para>
      </listitem>
    </orderedlist>
  </section>
  <section id="artwork-in-description-lists">
    <title>Artwork in description lists</title>
    <variablelist>
      <varlistentry>
        <term>
          Item1:
        </term>
        <listitem>
          <para>
            Tell something about it. Tell something about it. Tell
            something about it. Tell something about it. Tell something
            about it. Tell something about it.
          </para>
          <screen>
miek.nl.    IN  NS  a.miek.nl.                             
a.miek.nl.  IN  A   127.0.0.1    ; &lt;- this is glue            
</screen>
          <para>
            Tell some more about it. Tell some more about it. Tell some
            more about it.
          </para>
        </listitem>
      </varlistentry>
      <varlistentry>
        <term>
          Item2:
        </term>
        <listitem>
          <para>
            Another description
          </para>
        </listitem>
      </varlistentry>
    </variablelist>
  </section>
  <section id="tables">
    <title>Tables</title>
    <section id="simple-tables">
      <title>Simple tables</title>
      <table>
        <caption>
          Demonstration of simple table syntax.
        </caption>
        <thead>
          <tr>
            <th align="right">
              Right
            </th>
            <th align="left">
              Left
            </th>
            <th align="center">
              Center
            </th>
            <th align="left">
              Default
            </th>
          </tr>
        </thead>
        <tbody>
          <tr>
            <td align="right">
              12
            </td>
            <td align="left">
              12
            </td>
            <td align="center">
              12
            </td>
            <td align="left">
              12
            </td>
          </tr>
          <tr>
            <td align="right">
              123
            </td>
            <td align="left">
              123
            </td>
            <td align="center">
              123
            </td>
            <td align="left">
              123
            </td>
          </tr>
          <tr>
            <td align="right">
              1
            </td>
            <td align="left">
              1
            </td>
            <td align="center">
              1
            </td>
            <td align="left">
              1
            </td>
          </tr>
        </tbody>
      </table>
    </section>
    <section id="multiline-tables">
      <title>Multiline tables</title>
      <table>
        <caption>
          Here's the caption. It, too, may span multiple lines.
        </caption>
        <col width="16%" />
        <col width="11%" />
        <col width="22%" />
        <col width="34%" />
        <thead>
          <tr>
            <th align="center">
              Centered Header
            </th>
            <th align="left">
              Default Aligned
            </th>
            <th align="right">
              Right Aligned
            </th>
            <th align="left">
              Left Aligned
            </th>
          </tr>
        </thead>
        <tbody>
          <tr>
            <td align="center">
              First
            </td>
            <td align="left">
              row
            </td>
            <td align="right">
              12.0
            </td>
            <td align="left">
              Example of a row that spans multiple lines.
            </td>
          </tr>
          <tr>
            <td align="center">
              Second
            </td>
            <td align="left">
              row
            </td>
            <td align="right">
              5.0
            </td>
            <td align="left">
              Here's another one. Note the blank line between rows.
            </td>
          </tr>
        </tbody>
      </table>
    </section>
    <section id="grid-tables">
      <title>Grid tables</title>
      <table>
        <caption>
          Sample grid table.
        </caption>
        <col width="22%" />
        <col width="22%" />
        <col width="29%" />
        <thead>
          <tr>
            <th align="left">
              Fruit
            </th>
            <th align="left">
              Price
            </th>
            <th align="left">
              Advantages
            </th>
          </tr>
        </thead>
        <tbody>
          <tr>
            <td align="left">
              Bananas
            </td>
            <td align="left">
              $1.34
            </td>
            <td align="left">
              built-in wrapper
            </td>
          </tr>
          <tr>
            <td align="left">
              Oranges
            </td>
            <td align="left">
              $2.10
            </td>
            <td align="left">
              cures scurvy
            </td>
          </tr>
        </tbody>
      </table>
    </section>
  </section>
</section>
</article>
